// Jest Snapshot v1, https://goo.gl/fbAQLP

exports[`<Login /> snapshot 1`] = `
.c4 {
  -webkit-box-flex: 1;
  -webkit-flex-grow: 1;
  -ms-flex-positive: 1;
  flex-grow: 1;
  -webkit-align-self: center;
  -ms-flex-item-align: center;
  align-self: center;
  display: -webkit-box;
  display: -webkit-flex;
  display: -ms-flexbox;
  display: flex;
  -webkit-flex-direction: column;
  -ms-flex-direction: column;
  flex-direction: column;
  width: 100%;
  padding: 20px;
}

.c10 {
  background: #151515;
  min-height: 150px;
  display: -webkit-box;
  display: -webkit-flex;
  display: -ms-flexbox;
  display: flex;
  -webkit-align-items: center;
  -webkit-box-align: center;
  -ms-flex-align: center;
  align-items: center;
  -webkit-box-pack: center;
  -webkit-justify-content: center;
  -ms-flex-pack: center;
  justify-content: center;
  -webkit-flex-shrink: 0;
  -ms-flex-negative: 0;
  flex-shrink: 0;
  padding: 20px;
}

.c11 {
  width: 100%;
  max-width: 1200px;
  display: -webkit-box;
  display: -webkit-flex;
  display: -ms-flexbox;
  display: flex;
  color: #fff;
  -webkit-flex-direction: column;
  -ms-flex-direction: column;
  flex-direction: column;
  -webkit-align-items: center;
  -webkit-box-align: center;
  -ms-flex-align: center;
  align-items: center;
}

.c12 {
  margin-bottom: 20px;
}

.c13 {
  width: 50px;
}

.c1 {
  background: #ea1d2c;
  height: 50px;
  display: -webkit-box;
  display: -webkit-flex;
  display: -ms-flexbox;
  display: flex;
  -webkit-align-items: center;
  -webkit-box-align: center;
  -ms-flex-align: center;
  align-items: center;
  -webkit-box-pack: center;
  -webkit-justify-content: center;
  -ms-flex-pack: center;
  justify-content: center;
  -webkit-flex-shrink: 0;
  -ms-flex-negative: 0;
  flex-shrink: 0;
}

.c2 {
  width: 100%;
  padding: 0 20px;
  display: -webkit-box;
  display: -webkit-flex;
  display: -ms-flexbox;
  display: flex;
}

.c3 {
  width: 120px;
}

.c0 {
  height: 100%;
  display: -webkit-box;
  display: -webkit-flex;
  display: -ms-flexbox;
  display: flex;
  -webkit-flex-direction: column;
  -ms-flex-direction: column;
  flex-direction: column;
}

.c9 {
  text-align: center;
}

.c7 {
  width: 100%;
  object-fit: cover;
}

.c5 {
  display: -webkit-box;
  display: -webkit-flex;
  display: -ms-flexbox;
  display: flex;
  -webkit-align-items: center;
  -webkit-box-align: center;
  -ms-flex-align: center;
  align-items: center;
  -webkit-box-flex: 1;
  -webkit-flex-grow: 1;
  -ms-flex-positive: 1;
  flex-grow: 1;
}

.c6 {
  -webkit-flex-basis: 50%;
  -ms-flex-preferred-size: 50%;
  flex-basis: 50%;
  display: none;
}

.c8 {
  -webkit-flex-basis: 100%;
  -ms-flex-preferred-size: 100%;
  flex-basis: 100%;
  display: -webkit-box;
  display: -webkit-flex;
  display: -ms-flexbox;
  display: flex;
  -webkit-box-pack: center;
  -webkit-justify-content: center;
  -ms-flex-pack: center;
  justify-content: center;
  -webkit-align-items: center;
  -webkit-box-align: center;
  -ms-flex-align: center;
  align-items: center;
  -webkit-flex-direction: column;
  -ms-flex-direction: column;
  flex-direction: column;
  padding: 10px;
}

@media (min-width:415px) {
  .c4 {
    width: 80%;
    max-width: 1200px;
    padding: 20px 0;
  }
}

@media (min-width:710px) {
  .c11 {
    -webkit-flex-direction: row;
    -ms-flex-direction: row;
    flex-direction: row;
  }
}

@media (min-width:710px) {
  .c14 {
    padding: 0 20px;
  }
}

@media (min-width:415px) {
  .c2 {
    width: 80%;
    max-width: 1200px;
    padding: 0;
  }
}

@media (min-width:710px) {
  .c6 {
    display: initial;
  }
}

@media (min-width:710px) {
  .c8 {
    -webkit-flex-basis: 50%;
    -ms-flex-preferred-size: 50%;
    flex-basis: 50%;
  }
}

<Login>
  <styled.div>
    <div
      className="c0"
    >
      <Header>
        <styled.header>
          <header
            className="c1"
          >
            <styled.h1>
              <h1
                className="c2"
              >
                <styled.img
                  alt="Spotifood logo"
                  src="logo.png"
                >
                  <img
                    alt="Spotifood logo"
                    className="c3"
                    src="logo.png"
                  />
                </styled.img>
              </h1>
            </styled.h1>
          </header>
        </styled.header>
      </Header>
      <styled.main>
        <main
          className="c4"
        >
          <styled.div>
            <div
              className="c5"
            >
              <styled.div>
                <div
                  className="c6"
                >
                  <styled.img
                    alt="spotifood banner"
                    src="banner.png"
                  >
                    <img
                      alt="spotifood banner"
                      className="c7"
                      src="banner.png"
                    />
                  </styled.img>
                </div>
              </styled.div>
              <styled.div>
                <div
                  className="c8"
                >
                  <styled.h2>
                    <h2
                      className="c9"
                    >
                      <FormattedMessage
                        id="login.message"
                      />
                    </h2>
                  </styled.h2>
                  <Button
                    as="button"
                    color="red"
                    onClick={[Function]}
                  >
                    <Ref
                      innerRef={
                        Object {
                          "current": @media (min-width:415px) {

}

@media (min-width:710px) {

}

@media (min-width:710px) {

}

@media (min-width:415px) {

}

@media (min-width:710px) {

}

@media (min-width:710px) {

}

<button
                            class="ui red button"
                          />,
                        }
                      }
                    >
                      <RefFindNode
                        innerRef={
                          Object {
                            "current": <button
                              class="ui red button"
                            />,
                          }
                        }
                      >
                        <button
                          className="ui red button"
                          onClick={[Function]}
                        >
                          <FormattedMessage
                            id="login.on.spotify"
                          />
                        </button>
                      </RefFindNode>
                    </Ref>
                  </Button>
                </div>
              </styled.div>
            </div>
          </styled.div>
        </main>
      </styled.main>
      <Footer>
        <styled.footer>
          <footer
            className="c10"
          >
            <styled.div>
              <div
                className="c11"
              >
                <styled.div>
                  <div
                    className="c12"
                  >
                    <styled.img
                      alt="Spotifood logo"
                      src="logo-icon.png"
                    >
                      <img
                        alt="Spotifood logo"
                        className="c13"
                        src="logo-icon.png"
                      />
                    </styled.img>
                  </div>
                </styled.div>
                <styled.div>
                  <div
                    className="c14"
                  >
                    <p>
                      <FormattedMessage
                        id="disclaimer"
                      />
                    </p>
                    <p>
                      <FormattedMessage
                        id="disclaimer.data"
                      />
                    </p>
                  </div>
                </styled.div>
              </div>
            </styled.div>
          </footer>
        </styled.footer>
      </Footer>
    </div>
  </styled.div>
</Login>
`;
