// Jest Snapshot v1, https://goo.gl/fbAQLP

exports[`Playlist should render component correctly 1`] = `
<DocumentFragment>
  <div
    class="makeStyles-root-1"
  >
    <div
      class="MuiGrid-root MuiGrid-container"
    >
      <div
        class="MuiGrid-root makeStyles-titleBox-3 MuiGrid-item MuiGrid-grid-xs-12 MuiGrid-grid-md-auto"
      >
        <h2
          class="MuiTypography-root makeStyles-title-2 MuiTypography-h1"
        >
          Featured Playlists
        </h2>
      </div>
    </div>
  </div>
  <div
    class="MuiGrid-root MuiGrid-container MuiGrid-spacing-xs-2"
  >
    <div
      class="MuiGrid-root MuiGrid-item"
    >
      Nenhuma playlist encontrada
    </div>
  </div>
</DocumentFragment>
`;
