// Jest Snapshot v1, https://goo.gl/fbAQLP

exports[`<DateField /> renders correcly 1`] = `
<DocumentFragment>
  <div
    class="sc-bdnylx gZIiqG"
  >
    <div
      class="react-datepicker-wrapper"
    >
      <div
        class="react-datepicker__input-container"
      >
        <input
          class=""
          type="text"
          value="04/10/2020, 20:07"
        />
      </div>
    </div>
  </div>
</DocumentFragment>
`;
