// Jest Snapshot v1, https://goo.gl/fbAQLP

exports[`should render correctly with no props 1`] = `
<div
  className="App"
>
  <button
    onClick={[Function]}
    style={
      Object {
        "fontSize": "50px",
        "marginTop": "20px",
        "padding": "",
      }
    }
  >
    Sign in with Spotify
  </button>
</div>
`;
